[H[2J[3J[H[2J[3J+--------[ debian setup script ]--------+
|                                       |
|            [ components ]             |
|                                       |
|          [1] apt packages             |
|          [2] rust                     |
|          [3] haskell                  |
|          [4] neovim                   |
|          [5] git repos                |
|          [6] docs                     |
|          [7] stow symlinks            |
|          [8] complete                 |
|                                       |
|          [q] quit                     |
|                                       |
+---------------------------------------+
:[H[2J[3J+--------[ debian setup script ]--------+
|                                       |
|         [ apt package groups ]        |
|                                       |
|       1. [ ] core                     |
|       2. [ ] networking               |
|       3. [ ] c dev                    |
|       4. [ ] c xtras                  |
|       5. [ ] neovim dependecies       |
|       6. [ ] haskell dependecies      |
|       7. [ ] additional languages     |
|       8. [ ] full                     |
|       9. [ ] all                      |
|                                       |
|          [?] package info             |
|          [i] install                  |
|          [u] uninstall                |
|          [b] back                     |
|          [q] quit                     |
|                                       |
+---------------------------------------+
:[H[2J[3J+--------[ debian setup script ]--------+
|                                       |
|         [ apt package groups ]        |
|                                       |
|       1. [x] core                     |
|       2. [ ] networking               |
|       3. [ ] c dev                    |
|       4. [ ] c xtras                  |
|       5. [ ] neovim dependecies       |
|       6. [ ] haskell dependecies      |
|       7. [ ] additional languages     |
|       8. [ ] full                     |
|       9. [ ] all                      |
|                                       |
|          [?] package info             |
|          [i] install                  |
|          [u] uninstall                |
|          [b] back                     |
|          [q] quit                     |
|                                       |
+---------------------------------------+
:unique pacakges
GIT

SSH

VIM

CURL

[H[2J[3J+--------[ debian setup script ]--------+
|                                       |
|         [ apt package groups ]        |
|                                       |
|       1. [x] core                     |
|       2. [ ] networking               |
|       3. [ ] c dev                    |
|       4. [ ] c xtras                  |
|       5. [ ] neovim dependecies       |
|       6. [ ] haskell dependecies      |
|       7. [ ] additional languages     |
|       8. [ ] full                     |
|       9. [ ] all                      |
|                                       |
|          [?] package info             |
|          [i] install                  |
|          [u] uninstall                |
|          [b] back                     |
|          [q] quit                     |
|                                       |
+---------------------------------------+
:[H[2J[3J[H[2J[3J+--------[ debian setup script ]--------+
|                                       |
|            [ components ]             |
|                                       |
|          [1] apt packages             |
|          [2] rust                     |
|          [3] haskell                  |
|          [4] neovim                   |
|          [5] git repos                |
|          [6] docs                     |
|          [7] stow symlinks            |
|          [8] complete                 |
|                                       |
|          [q] quit                     |
|                                       |
+---------------------------------------+
:[H[2J[3J+--------[ debian setup script ]--------+
|                                       |
|         [ apt package groups ]        |
|                                       |
|       1. [ ] core                     |
|       2. [ ] networking               |
|       3. [ ] c dev                    |
|       4. [ ] c xtras                  |
|       5. [ ] neovim dependecies       |
|       6. [ ] haskell dependecies      |
|       7. [ ] additional languages     |
|       8. [ ] full                     |
|       9. [ ] all                      |
|                                       |
|          [?] package info             |
|          [i] install                  |
|          [u] uninstall                |
|          [b] back                     |
|          [q] quit                     |
|                                       |
+---------------------------------------+
:[H[2J[3J+--------[ debian setup script ]--------+
|                                       |
|         [ apt package groups ]        |
|                                       |
|       1. [x] core                     |
|       2. [ ] networking               |
|       3. [ ] c dev                    |
|       4. [ ] c xtras                  |
|       5. [ ] neovim dependecies       |
|       6. [ ] haskell dependecies      |
|       7. [ ] additional languages     |
|       8. [ ] full                     |
|       9. [ ] all                      |
|                                       |
|          [?] package info             |
|          [i] install                  |
|          [u] uninstall                |
|          [b] back                     |
|          [q] quit                     |
|                                       |
+---------------------------------------+
:0
/home/s/bin/setup: line 1075: APT_DESCRIPTIONS: bad array subscript

0
/home/s/bin/setup: line 1075: APT_DESCRIPTIONS: bad array subscript

0
/home/s/bin/setup: line 1075: APT_DESCRIPTIONS: bad array subscript

1
/home/s/bin/setup: line 1075: APT_DESCRIPTIONS: bad array subscript

0
/home/s/bin/setup: line 1075: APT_DESCRIPTIONS: bad array subscript

0
/home/s/bin/setup: line 1075: APT_DESCRIPTIONS: bad array subscript

0
/home/s/bin/setup: line 1075: APT_DESCRIPTIONS: bad array subscript

0
/home/s/bin/setup: line 1075: APT_DESCRIPTIONS: bad array subscript

0
/home/s/bin/setup: line 1075: APT_DESCRIPTIONS: bad array subscript

[ press any key to continue ] > [H[2J[3J[H[2J[3J+--------[ debian setup script ]--------+
|                                       |
|            [ components ]             |
|                                       |
|          [1] apt packages             |
|          [2] rust                     |
|          [3] haskell                  |
|          [4] neovim                   |
|          [5] git repos                |
|          [6] docs                     |
|          [7] stow symlinks            |
|          [8] complete                 |
|                                       |
|          [q] quit                     |
|                                       |
+---------------------------------------+
:[H[2J[3J+--------[ debian setup script ]--------+
|                                       |
|         [ apt package groups ]        |
|                                       |
|       1. [ ] core                     |
|       2. [ ] networking               |
|       3. [ ] c dev                    |
|       4. [ ] c xtras                  |
|       5. [ ] neovim dependecies       |
|       6. [ ] haskell dependecies      |
|       7. [ ] additional languages     |
|       8. [ ] full                     |
|       9. [ ] all                      |
|                                       |
|          [?] package info             |
|          [i] install                  |
|          [u] uninstall                |
|          [b] back                     |
|          [q] quit                     |
|                                       |
+---------------------------------------+
:[H[2J[3J+--------[ debian setup script ]--------+
|                                       |
|         [ apt package groups ]        |
|                                       |
|       1. [x] core                     |
|       2. [ ] networking               |
|       3. [ ] c dev                    |
|       4. [ ] c xtras                  |
|       5. [ ] neovim dependecies       |
|       6. [ ] haskell dependecies      |
|       7. [ ] additional languages     |
|       8. [ ] full                     |
|       9. [ ] all                      |
|                                       |
|          [?] package info             |
|          [i] install                  |
|          [u] uninstall                |
|          [b] back                     |
|          [q] quit                     |
|                                       |
+---------------------------------------+
:0
0
0
1
0
0
0
0
0
[ press any key to continue ] > [H[2J[3J+--------[ debian setup script ]--------+
|                                       |
|         [ apt package groups ]        |
|                                       |
|       1. [x] core                     |
|       2. [ ] networking               |
|       3. [ ] c dev                    |
|       4. [ ] c xtras                  |
|       5. [ ] neovim dependecies       |
|       6. [ ] haskell dependecies      |
|       7. [ ] additional languages     |
|       8. [ ] full                     |
|       9. [ ] all                      |
|                                       |
|          [?] package info             |
|          [i] install                  |
|          [u] uninstall                |
|          [b] back                     |
|          [q] quit                     |
|                                       |
+---------------------------------------+
:[H[2J[3J[H[2J[3J+--------[ debian setup script ]--------+
|                                       |
|            [ components ]             |
|                                       |
|          [1] apt packages             |
|          [2] rust                     |
|          [3] haskell                  |
|          [4] neovim                   |
|          [5] git repos                |
|          [6] docs                     |
|          [7] stow symlinks            |
|          [8] complete                 |
|                                       |
|          [q] quit                     |
|                                       |
+---------------------------------------+
:[H[2J[3J+--------[ debian setup script ]--------+
|                                       |
|         [ apt package groups ]        |
|                                       |
|       1. [ ] core                     |
|       2. [ ] networking               |
|       3. [ ] c dev                    |
|       4. [ ] c xtras                  |
|       5. [ ] neovim dependecies       |
|       6. [ ] haskell dependecies      |
|       7. [ ] additional languages     |
|       8. [ ] full                     |
|       9. [ ] all                      |
|                                       |
|          [?] package info             |
|          [i] install                  |
|          [u] uninstall                |
|          [b] back                     |
|          [q] quit                     |
|                                       |
+---------------------------------------+
:[H[2J[3J+--------[ debian setup script ]--------+
|                                       |
|         [ apt package groups ]        |
|                                       |
|       1. [x] core                     |
|       2. [ ] networking               |
|       3. [ ] c dev                    |
|       4. [ ] c xtras                  |
|       5. [ ] neovim dependecies       |
|       6. [ ] haskell dependecies      |
|       7. [ ] additional languages     |
|       8. [ ] full                     |
|       9. [ ] all                      |
|                                       |
|          [?] package info             |
|          [i] install                  |
|          [u] uninstall                |
|          [b] back                     |
|          [q] quit                     |
|                                       |
+---------------------------------------+
:
[ press any key to continue ] > [H[2J[3J+--------[ debian setup script ]--------+
|                                       |
|         [ apt package groups ]        |
|                                       |
|       1. [x] core                     |
|       2. [ ] networking               |
|       3. [ ] c dev                    |
|       4. [ ] c xtras                  |
|       5. [ ] neovim dependecies       |
|       6. [ ] haskell dependecies      |
|       7. [ ] additional languages     |
|       8. [ ] full                     |
|       9. [ ] all                      |
|                                       |
|          [?] package info             |
|          [i] install                  |
|          [u] uninstall                |
|          [b] back                     |
|          [q] quit                     |
|                                       |
+---------------------------------------+
:[H[2J[3J[H[2J[3J+--------[ debian setup script ]--------+
|                                       |
|            [ components ]             |
|                                       |
|          [1] apt packages             |
|          [2] rust                     |
|          [3] haskell                  |
|          [4] neovim                   |
|          [5] git repos                |
|          [6] docs                     |
|          [7] stow symlinks            |
|          [8] complete                 |
|                                       |
|          [q] quit                     |
|                                       |
+---------------------------------------+
:[H[2J[3J+--------[ debian setup script ]--------+
|                                       |
|         [ apt package groups ]        |
|                                       |
|       1. [ ] core                     |
|       2. [ ] networking               |
|       3. [ ] c dev                    |
|       4. [ ] c xtras                  |
|       5. [ ] neovim dependecies       |
|       6. [ ] haskell dependecies      |
|       7. [ ] additional languages     |
|       8. [ ] full                     |
|       9. [ ] all                      |
|                                       |
|          [?] package info             |
|          [i] install                  |
|          [u] uninstall                |
|          [b] back                     |
|          [q] quit                     |
|                                       |
+---------------------------------------+
:[H[2J[3J[H[2J[3J+--------[ debian setup script ]--------+
|                                       |
|            [ components ]             |
|                                       |
|          [1] apt packages             |
|          [2] rust                     |
|          [3] haskell                  |
|          [4] neovim                   |
|          [5] git repos                |
|          [6] docs                     |
|          [7] stow symlinks            |
|          [8] complete                 |
|                                       |
|          [q] quit                     |
|                                       |
+---------------------------------------+
:[H[2J[3J+--------[ debian setup script ]--------+
|                                       |
|         [ apt package groups ]        |
|                                       |
|       1. [ ] core                     |
|       2. [ ] networking               |
|       3. [ ] c dev                    |
|       4. [ ] c xtras                  |
|       5. [ ] neovim dependecies       |
|       6. [ ] haskell dependecies      |
|       7. [ ] additional languages     |
|       8. [ ] full                     |
|       9. [ ] all                      |
|                                       |
|          [?] package info             |
|          [i] install                  |
|          [u] uninstall                |
|          [b] back                     |
|          [q] quit                     |
|                                       |
+---------------------------------------+
:[H[2J[3J+--------[ debian setup script ]--------+
|                                       |
|         [ apt package groups ]        |
|                                       |
|       1. [x] core                     |
|       2. [ ] networking               |
|       3. [ ] c dev                    |
|       4. [ ] c xtras                  |
|       5. [ ] neovim dependecies       |
|       6. [ ] haskell dependecies      |
|       7. [ ] additional languages     |
|       8. [ ] full                     |
|       9. [ ] all                      |
|                                       |
|          [?] package info             |
|          [i] install                  |
|          [u] uninstall                |
|          [b] back                     |
|          [q] quit                     |
|                                       |
+---------------------------------------+
:ALL
NVIM_DEP
HASKELL_DEP
CORE
NETWORKING
CDEV
CXTRA
FULL
PROG_LANGS
[ press any key to continue ] > [H[2J[3J+--------[ debian setup script ]--------+
|                                       |
|         [ apt package groups ]        |
|                                       |
|       1. [x] core                     |
|       2. [ ] networking               |
|       3. [ ] c dev                    |
|       4. [ ] c xtras                  |
|       5. [ ] neovim dependecies       |
|       6. [ ] haskell dependecies      |
|       7. [ ] additional languages     |
|       8. [ ] full                     |
|       9. [ ] all                      |
|                                       |
|          [?] package info             |
|          [i] install                  |
|          [u] uninstall                |
|          [b] back                     |
|          [q] quit                     |
|                                       |
+---------------------------------------+
:[H[2J[3J[H[2J[3J+--------[ debian setup script ]--------+
|                                       |
|            [ components ]             |
|                                       |
|          [1] apt packages             |
|          [2] rust                     |
|          [3] haskell                  |
|          [4] neovim                   |
|          [5] git repos                |
|          [6] docs                     |
|          [7] stow symlinks            |
|          [8] complete                 |
|                                       |
|          [q] quit                     |
|                                       |
+---------------------------------------+
:[H[2J[3J+--------[ debian setup script ]--------+
|                                       |
|         [ apt package groups ]        |
|                                       |
|       1. [ ] core                     |
|       2. [ ] networking               |
|       3. [ ] c dev                    |
|       4. [ ] c xtras                  |
|       5. [ ] neovim dependecies       |
|       6. [ ] haskell dependecies      |
|       7. [ ] additional languages     |
|       8. [ ] full                     |
|       9. [ ] all                      |
|                                       |
|          [?] package info             |
|          [i] install                  |
|          [u] uninstall                |
|          [b] back                     |
|          [q] quit                     |
|                                       |
+---------------------------------------+
:[H[2J[3J+--------[ debian setup script ]--------+
|                                       |
|         [ apt package groups ]        |
|                                       |
|       1. [x] core                     |
|       2. [ ] networking               |
|       3. [ ] c dev                    |
|       4. [ ] c xtras                  |
|       5. [ ] neovim dependecies       |
|       6. [ ] haskell dependecies      |
|       7. [ ] additional languages     |
|       8. [ ] full                     |
|       9. [ ] all                      |
|                                       |
|          [?] package info             |
|          [i] install                  |
|          [u] uninstall                |
|          [b] back                     |
|          [q] quit                     |
|                                       |
+---------------------------------------+
:[H[2J[3J+--------[ debian setup script ]--------+
|                                       |
|         [ apt package groups ]        |
|                                       |
|       1. [x] core                     |
|       2. [x] networking               |
|       3. [ ] c dev                    |
|       4. [ ] c xtras                  |
|       5. [ ] neovim dependecies       |
|       6. [ ] haskell dependecies      |
|       7. [ ] additional languages     |
|       8. [ ] full                     |
|       9. [ ] all                      |
|                                       |
|          [?] package info             |
|          [i] install                  |
|          [u] uninstall                |
|          [b] back                     |
|          [q] quit                     |
|                                       |
+---------------------------------------+
:ALL
0
NVIM_DEP
0
HASKELL_DEP
0
CORE
1
NETWORKING
1
CDEV
0
CXTRA
0
FULL
0
PROG_LANGS
0
[ press any key to continue ] > [H[2J[3J[H[2J[3J+--------[ debian setup script ]--------+
|                                       |
|            [ components ]             |
|                                       |
|          [1] apt packages             |
|          [2] rust                     |
|          [3] haskell                  |
|          [4] neovim                   |
|          [5] git repos                |
|          [6] docs                     |
|          [7] stow symlinks            |
|          [8] complete                 |
|                                       |
|          [q] quit                     |
|                                       |
+---------------------------------------+
:[H[2J[3J+--------[ debian setup script ]--------+
|                                       |
|         [ apt package groups ]        |
|                                       |
|       1. [ ] core                     |
|       2. [ ] networking               |
|       3. [ ] c dev                    |
|       4. [ ] c xtras                  |
|       5. [ ] neovim dependecies       |
|       6. [ ] haskell dependecies      |
|       7. [ ] additional languages     |
|       8. [ ] full                     |
|       9. [ ] all                      |
|                                       |
|          [?] package info             |
|          [i] install                  |
|          [u] uninstall                |
|          [b] back                     |
|          [q] quit                     |
|                                       |
+---------------------------------------+
:[H[2J[3J+--------[ debian setup script ]--------+
|                                       |
|         [ apt package groups ]        |
|                                       |
|       1. [x] core                     |
|       2. [ ] networking               |
|       3. [ ] c dev                    |
|       4. [ ] c xtras                  |
|       5. [ ] neovim dependecies       |
|       6. [ ] haskell dependecies      |
|       7. [ ] additional languages     |
|       8. [ ] full                     |
|       9. [ ] all                      |
|                                       |
|          [?] package info             |
|          [i] install                  |
|          [u] uninstall                |
|          [b] back                     |
|          [q] quit                     |
|                                       |
+---------------------------------------+
:ALL
0
NVIM_DEP
0
HASKELL_DEP
0
CORE
1
NETWORKING
0
CDEV
0
CXTRA
0
FULL
0
PROG_LANGS
0
[ press any key to continue ] > [H[2J[3J[H[2J[3J+--------[ debian setup script ]--------+
|                                       |
|            [ components ]             |
|                                       |
|          [1] apt packages             |
|          [2] rust                     |
|          [3] haskell                  |
|          [4] neovim                   |
|          [5] git repos                |
|          [6] docs                     |
|          [7] stow symlinks            |
|          [8] complete                 |
|                                       |
|          [q] quit                     |
|                                       |
+---------------------------------------+
:[H[2J[3J+--------[ debian setup script ]--------+
|                                       |
|         [ apt package groups ]        |
|                                       |
|       1. [ ] core                     |
|       2. [ ] networking               |
|       3. [ ] c dev                    |
|       4. [ ] c xtras                  |
|       5. [ ] neovim dependecies       |
|       6. [ ] haskell dependecies      |
|       7. [ ] additional languages     |
|       8. [ ] full                     |
|       9. [ ] all                      |
|                                       |
|          [?] package info             |
|          [i] install                  |
|          [u] uninstall                |
|          [b] back                     |
|          [q] quit                     |
|                                       |
+---------------------------------------+
:[H[2J[3J+--------[ debian setup script ]--------+
|                                       |
|         [ apt package groups ]        |
|                                       |
|       1. [x] core                     |
|       2. [ ] networking               |
|       3. [ ] c dev                    |
|       4. [ ] c xtras                  |
|       5. [ ] neovim dependecies       |
|       6. [ ] haskell dependecies      |
|       7. [ ] additional languages     |
|       8. [ ] full                     |
|       9. [ ] all                      |
|                                       |
|          [?] package info             |
|          [i] install                  |
|          [u] uninstall                |
|          [b] back                     |
|          [q] quit                     |
|                                       |
+---------------------------------------+
:ALL
0
NVIM_DEP
0
HASKELL_DEP
0
CORE
1
CORE is true
+-[ CORE ]------------------------------+| barebones utilities for linux, idk    || what you could even do without these. |+---------------------------------------+| includes...                           ||                                       ||   - [ curl ] URL interactions         ||                                       ||   - [ git ] version control           ||                                       ||   - [ ssh ] remote shell connection   ||                                       ||   - [ vim ] default text editor       ||                                       |+---------------------------------------+
NETWORKING
0
CDEV
0
CXTRA
0
FULL
0
PROG_LANGS
0
[ press any key to continue ] > [H[2J[3J[H[2J[3J+--------[ debian setup script ]--------+
|                                       |
|            [ components ]             |
|                                       |
|          [1] apt packages             |
|          [2] rust                     |
|          [3] haskell                  |
|          [4] neovim                   |
|          [5] git repos                |
|          [6] docs                     |
|          [7] stow symlinks            |
|          [8] complete                 |
|                                       |
|          [q] quit                     |
|                                       |
+---------------------------------------+
:[H[2J[3J+--------[ debian setup script ]--------+
|                                       |
|         [ apt package groups ]        |
|                                       |
|       1. [ ] core                     |
|       2. [ ] networking               |
|       3. [ ] c dev                    |
|       4. [ ] c xtras                  |
|       5. [ ] neovim dependecies       |
|       6. [ ] haskell dependecies      |
|       7. [ ] additional languages     |
|       8. [ ] full                     |
|       9. [ ] all                      |
|                                       |
|          [?] package info             |
|          [i] install                  |
|          [u] uninstall                |
|          [b] back                     |
|          [q] quit                     |
|                                       |
+---------------------------------------+
:[H[2J[3J+--------[ debian setup script ]--------+
|                                       |
|         [ apt package groups ]        |
|                                       |
|       1. [x] core                     |
|       2. [ ] networking               |
|       3. [ ] c dev                    |
|       4. [ ] c xtras                  |
|       5. [ ] neovim dependecies       |
|       6. [ ] haskell dependecies      |
|       7. [ ] additional languages     |
|       8. [ ] full                     |
|       9. [ ] all                      |
|                                       |
|          [?] package info             |
|          [i] install                  |
|          [u] uninstall                |
|          [b] back                     |
|          [q] quit                     |
|                                       |
+---------------------------------------+
:ALL
0
NVIM_DEP
0
HASKELL_DEP
0
CORE
1
CORE is true
+-[ CORE ]------------------------------+\n| barebones utilities for linux, idk    |\n| what you could even do without these. |\n+---------------------------------------+\n| includes...                           |\n|                                       |\n|   - [ curl ] URL interactions         |\n|                                       |\n|   - [ git ] version control           |\n|                                       |\n|   - [ ssh ] remote shell connection   |\n|                                       |\n|   - [ vim ] default text editor       |\n|                                       |\n+---------------------------------------+NETWORKING
0
CDEV
0
CXTRA
0
FULL
0
PROG_LANGS
0
[ press any key to continue ] > [H[2J[3J[H[2J[3J+--------[ debian setup script ]--------+
|                                       |
|            [ components ]             |
|                                       |
|          [1] apt packages             |
|          [2] rust                     |
|          [3] haskell                  |
|          [4] neovim                   |
|          [5] git repos                |
|          [6] docs                     |
|          [7] stow symlinks            |
|          [8] complete                 |
|                                       |
|          [q] quit                     |
|                                       |
+---------------------------------------+
:[H[2J[3J+--------[ debian setup script ]--------+
|                                       |
|         [ apt package groups ]        |
|                                       |
|       1. [ ] core                     |
|       2. [ ] networking               |
|       3. [ ] c dev                    |
|       4. [ ] c xtras                  |
|       5. [ ] neovim dependecies       |
|       6. [ ] haskell dependecies      |
|       7. [ ] additional languages     |
|       8. [ ] full                     |
|       9. [ ] all                      |
|                                       |
|          [?] package info             |
|          [i] install                  |
|          [u] uninstall                |
|          [b] back                     |
|          [q] quit                     |
|                                       |
+---------------------------------------+
:[H[2J[3J+--------[ debian setup script ]--------+
|                                       |
|         [ apt package groups ]        |
|                                       |
|       1. [x] core                     |
|       2. [ ] networking               |
|       3. [ ] c dev                    |
|       4. [ ] c xtras                  |
|       5. [ ] neovim dependecies       |
|       6. [ ] haskell dependecies      |
|       7. [ ] additional languages     |
|       8. [ ] full                     |
|       9. [ ] all                      |
|                                       |
|          [?] package info             |
|          [i] install                  |
|          [u] uninstall                |
|          [b] back                     |
|          [q] quit                     |
|                                       |
+---------------------------------------+
:ALL
0
NVIM_DEP
0
HASKELL_DEP
0
CORE
1
CORE is true
+-[ CORE ]------------------------------+
| barebones utilities for linux, idk    |
| what you could even do without these. |
+---------------------------------------+
| includes...                           |
|                                       |
|   - [ curl ] URL interactions         |
|                                       |
|   - [ git ] version control           |
|                                       |
|   - [ ssh ] remote shell connection   |
|                                       |
|   - [ vim ] default text editor       |
|                                       |
+---------------------------------------+
NETWORKING
0
CDEV
0
CXTRA
0
FULL
0
PROG_LANGS
0
[ press any key to continue ] > 